                &&&&&&&&&&&&&    &&&&&&&&&&&&&&&
                &,,,,,,,,,,,&&&&&&,,,,,,,,,,,,,&
                &,,,,@,,,,,,|,,,,|,,,,,,,s,,,,,&
                &,,,,,,,C,,,&&&&&&,,,,,,,,,,,,,&
                &,,,,p,,,,,,&    &,,,,,G,,,,,,,&
                &&&&&&,&&&&&&    &&&&&&&,&&&&&&&
                     &,&               &a&
                     &,&               &,&
&&&&&&&&&&&&    &&&&&&|&&&&&&    &&&&&&&|&&&&&&&&&&&&&&&&&&&&&&&&&&
&,,,,,,,,,C&    &,,,,,,,,,,,&    &,,,,,,,,,,,,,,,,,,,,,,,,,,,,,,,,&
&,,,,,,,,,,&    &,,,,,,,,,,,&    &,,,,,,,,,,,,,,,,,,,C,,,,,,,,,,,,&
&,,,,,,,,,,&    &,,,,,,,,,,,&    &,,,,,,,,,,,,,,,,,,,,,,,,,,,,,,,,&
&,,,,,,,,,,&    &,,,,,,,,,,,&    &,,,,,,,h,,,,,,,,,,,,,,,,,,,,,,,,&
&,,,,,,,,,,&&&&&&,,,,,,,,,,,&    &,,,,,,,,,,,,,,,,,,,,,,,,,,,,,,,,&
&,,,,,,,,,,|,,,,|,,,,,C,,,,,&    &,,,,,,,,,,,,,,,,,,,,,,,,,,,,,,,,&
&,,,,,,,,,,&&&&&&,,,,,,,,,,,&    &&&&&&&&&&&&&&&&&&&&|&&&&&&&&&&&&&
&,,,,,,,,,,&    &,,,,,,,,,,,&                       &,&
&,,,,,,,,,,&    &,,,,,,,,,,,&    &&&&&&&&&&&&&&&&&&&&|&&&&&&&&&&&&&&
&,,,,,,,,,,&    &,,,,,,,,,,,&    &,,,,,,,,,,,,,,,,,,,,,,,,,,,,,,,,C&
&,,,D,,,,,,&    &,,,,,,,,,,,&    &,,,,,,,,,,,,,,,,,,,,,,,,,,,,,,,,,&
&,,,,,,,,,,&    &,,,,,,,,,,,&    &,,,,,,,,,,,,,,,,,,,,,,,,,,,,,,,,,&
&&&&&&&&&&&&    &&&&&&&&&&&&&    &&&&&&&&&&&&&&&&&&&&&&&&&&&&&&&&&&&